2026-01-31 15:10:45.061 [INFORMATION] Microsoft.EntityFrameworkCore.Database.Command (EventId: 20101): Executed DbCommand (31ms) [Parameters=[], CommandType='Text', CommandTimeout='30']
SELECT EXISTS (
    SELECT 1 FROM pg_catalog.pg_class c
    JOIN pg_catalog.pg_namespace n ON n.oid=c.relnamespace
    WHERE n.nspname='public' AND
          c.relname='__EFMigrationsHistory'
)
2026-01-31 15:10:45.122 [INFORMATION] Microsoft.EntityFrameworkCore.Database.Command (EventId: 20101): Executed DbCommand (2ms) [Parameters=[], CommandType='Text', CommandTimeout='30']
SELECT EXISTS (
    SELECT 1 FROM pg_catalog.pg_class c
    JOIN pg_catalog.pg_namespace n ON n.oid=c.relnamespace
    WHERE n.nspname='public' AND
          c.relname='__EFMigrationsHistory'
)
2026-01-31 15:10:45.226 [INFORMATION] Microsoft.EntityFrameworkCore.Database.Command (EventId: 20101): Executed DbCommand (24ms) [Parameters=[], CommandType='Text', CommandTimeout='30']
CREATE TABLE "__EFMigrationsHistory" (
    "MigrationId" character varying(150) NOT NULL,
    "ProductVersion" character varying(32) NOT NULL,
    CONSTRAINT "PK___EFMigrationsHistory" PRIMARY KEY ("MigrationId")
);
2026-01-31 15:10:45.259 [INFORMATION] Microsoft.EntityFrameworkCore.Database.Command (EventId: 20101): Executed DbCommand (1ms) [Parameters=[], CommandType='Text', CommandTimeout='30']
SELECT EXISTS (
    SELECT 1 FROM pg_catalog.pg_class c
    JOIN pg_catalog.pg_namespace n ON n.oid=c.relnamespace
    WHERE n.nspname='public' AND
          c.relname='__EFMigrationsHistory'
)
2026-01-31 15:10:45.262 [INFORMATION] Microsoft.EntityFrameworkCore.Database.Command (EventId: 20101): Executed DbCommand (1ms) [Parameters=[], CommandType='Text', CommandTimeout='30']
SELECT "MigrationId", "ProductVersion"
FROM "__EFMigrationsHistory"
ORDER BY "MigrationId";
2026-01-31 15:10:45.271 [INFORMATION] Microsoft.EntityFrameworkCore.Migrations (EventId: 20402): Applying migration '20260131121036_InitialCreate'.
2026-01-31 15:10:45.310 [INFORMATION] Microsoft.EntityFrameworkCore.Database.Command (EventId: 20101): Executed DbCommand (16ms) [Parameters=[], CommandType='Text', CommandTimeout='30']
DO $EF$
BEGIN
    IF NOT EXISTS(SELECT 1 FROM pg_namespace WHERE nspname = 'fitness') THEN
        CREATE SCHEMA fitness;
    END IF;
END $EF$;
2026-01-31 15:10:45.317 [INFORMATION] Microsoft.EntityFrameworkCore.Database.Command (EventId: 20101): Executed DbCommand (6ms) [Parameters=[], CommandType='Text', CommandTimeout='30']
CREATE TABLE fitness."Clients" (
    "Id" integer GENERATED BY DEFAULT AS IDENTITY,
    "FullName" varchar(100) NOT NULL,
    "BirthDate" date NOT NULL,
    "MembershipType" varchar(20) NOT NULL DEFAULT 'Разовый',
    "RegistrationDate" timestamp NOT NULL DEFAULT (CURRENT_TIMESTAMP),
    "Email" varchar(100),
    CONSTRAINT "PK_Clients" PRIMARY KEY ("Id")
);
2026-01-31 15:10:45.320 [INFORMATION] Microsoft.EntityFrameworkCore.Database.Command (EventId: 20101): Executed DbCommand (2ms) [Parameters=[], CommandType='Text', CommandTimeout='30']
CREATE TABLE fitness."Exercises" (
    "Id" integer GENERATED BY DEFAULT AS IDENTITY,
    "Name" varchar(100) NOT NULL,
    "DifficultyLevel" varchar(20) NOT NULL DEFAULT 'Средний',
    "EquipmentRequired" varchar(200) NOT NULL,
    "TargetMuscleGroup" varchar(100) NOT NULL,
    CONSTRAINT "PK_Exercises" PRIMARY KEY ("Id")
);
2026-01-31 15:10:45.323 [INFORMATION] Microsoft.EntityFrameworkCore.Database.Command (EventId: 20101): Executed DbCommand (3ms) [Parameters=[], CommandType='Text', CommandTimeout='30']
CREATE TABLE fitness."Trainers" (
    "Id" integer GENERATED BY DEFAULT AS IDENTITY,
    "FullName" varchar(100) NOT NULL,
    "Specialization" varchar(50) NOT NULL,
    "ExperienceYears" integer NOT NULL DEFAULT 0,
    "PhoneNumber" varchar(20) NOT NULL,
    CONSTRAINT "PK_Trainers" PRIMARY KEY ("Id")
);
2026-01-31 15:10:45.326 [INFORMATION] Microsoft.EntityFrameworkCore.Database.Command (EventId: 20101): Executed DbCommand (2ms) [Parameters=[], CommandType='Text', CommandTimeout='30']
CREATE TABLE fitness."WorkoutSessions" (
    "Id" integer GENERATED BY DEFAULT AS IDENTITY,
    "Date" timestamp NOT NULL DEFAULT (CURRENT_TIMESTAMP),
    "DurationMinutes" integer NOT NULL DEFAULT 0,
    "CaloriesBurned" integer NOT NULL DEFAULT 0,
    "SessionType" varchar(50) NOT NULL DEFAULT 'Обычная',
    CONSTRAINT "PK_WorkoutSessions" PRIMARY KEY ("Id")
);
2026-01-31 15:10:45.329 [INFORMATION] Microsoft.EntityFrameworkCore.Database.Command (EventId: 20101): Executed DbCommand (2ms) [Parameters=[], CommandType='Text', CommandTimeout='30']
CREATE UNIQUE INDEX idx_client_email ON fitness."Clients" ("Email");
2026-01-31 15:10:45.330 [INFORMATION] Microsoft.EntityFrameworkCore.Database.Command (EventId: 20101): Executed DbCommand (1ms) [Parameters=[], CommandType='Text', CommandTimeout='30']
CREATE INDEX idx_client_fullname ON fitness."Clients" ("FullName");
2026-01-31 15:10:45.331 [INFORMATION] Microsoft.EntityFrameworkCore.Database.Command (EventId: 20101): Executed DbCommand (1ms) [Parameters=[], CommandType='Text', CommandTimeout='30']
CREATE INDEX idx_client_membership ON fitness."Clients" ("MembershipType");
2026-01-31 15:10:45.333 [INFORMATION] Microsoft.EntityFrameworkCore.Database.Command (EventId: 20101): Executed DbCommand (1ms) [Parameters=[], CommandType='Text', CommandTimeout='30']
CREATE INDEX idx_exercise_difficulty ON fitness."Exercises" ("DifficultyLevel");
2026-01-31 15:10:45.334 [INFORMATION] Microsoft.EntityFrameworkCore.Database.Command (EventId: 20101): Executed DbCommand (1ms) [Parameters=[], CommandType='Text', CommandTimeout='30']
CREATE INDEX idx_exercise_muscle ON fitness."Exercises" ("TargetMuscleGroup");
2026-01-31 15:10:45.335 [INFORMATION] Microsoft.EntityFrameworkCore.Database.Command (EventId: 20101): Executed DbCommand (1ms) [Parameters=[], CommandType='Text', CommandTimeout='30']
CREATE INDEX idx_exercise_name ON fitness."Exercises" ("Name");
2026-01-31 15:10:45.337 [INFORMATION] Microsoft.EntityFrameworkCore.Database.Command (EventId: 20101): Executed DbCommand (1ms) [Parameters=[], CommandType='Text', CommandTimeout='30']
CREATE INDEX idx_trainer_fullname ON fitness."Trainers" ("FullName");
2026-01-31 15:10:45.338 [INFORMATION] Microsoft.EntityFrameworkCore.Database.Command (EventId: 20101): Executed DbCommand (1ms) [Parameters=[], CommandType='Text', CommandTimeout='30']
CREATE UNIQUE INDEX idx_trainer_phone ON fitness."Trainers" ("PhoneNumber");
2026-01-31 15:10:45.340 [INFORMATION] Microsoft.EntityFrameworkCore.Database.Command (EventId: 20101): Executed DbCommand (1ms) [Parameters=[], CommandType='Text', CommandTimeout='30']
CREATE INDEX idx_trainer_specialization ON fitness."Trainers" ("Specialization");
2026-01-31 15:10:45.342 [INFORMATION] Microsoft.EntityFrameworkCore.Database.Command (EventId: 20101): Executed DbCommand (1ms) [Parameters=[], CommandType='Text', CommandTimeout='30']
CREATE INDEX idx_session_date ON fitness."WorkoutSessions" ("Date");
2026-01-31 15:10:45.343 [INFORMATION] Microsoft.EntityFrameworkCore.Database.Command (EventId: 20101): Executed DbCommand (1ms) [Parameters=[], CommandType='Text', CommandTimeout='30']
CREATE INDEX idx_session_type ON fitness."WorkoutSessions" ("SessionType");
2026-01-31 15:10:45.345 [INFORMATION] Microsoft.EntityFrameworkCore.Database.Command (EventId: 20101): Executed DbCommand (1ms) [Parameters=[], CommandType='Text', CommandTimeout='30']
INSERT INTO "__EFMigrationsHistory" ("MigrationId", "ProductVersion")
VALUES ('20260131121036_InitialCreate', '8.0.10');
2026-01-31 15:11:05.208 [INFORMATION] Microsoft.EntityFrameworkCore.Database.Command (EventId: 20101): Executed DbCommand (31ms) [Parameters=[], CommandType='Text', CommandTimeout='30']
SELECT EXISTS (
    SELECT 1 FROM pg_catalog.pg_class c
    JOIN pg_catalog.pg_namespace n ON n.oid=c.relnamespace
    WHERE n.nspname='public' AND
          c.relname='__EFMigrationsHistory'
)
2026-01-31 15:11:05.231 [INFORMATION] Microsoft.EntityFrameworkCore.Database.Command (EventId: 20101): Executed DbCommand (2ms) [Parameters=[], CommandType='Text', CommandTimeout='30']
SELECT "MigrationId", "ProductVersion"
FROM "__EFMigrationsHistory"
ORDER BY "MigrationId";
2026-01-31 15:11:05.279 [INFORMATION] Microsoft.EntityFrameworkCore.Database.Command (EventId: 20101): Executed DbCommand (1ms) [Parameters=[], CommandType='Text', CommandTimeout='30']
SELECT EXISTS (
    SELECT 1 FROM pg_catalog.pg_class c
    JOIN pg_catalog.pg_namespace n ON n.oid=c.relnamespace
    WHERE n.nspname='public' AND
          c.relname='__EFMigrationsHistory'
)
2026-01-31 15:11:05.323 [INFORMATION] Microsoft.EntityFrameworkCore.Database.Command (EventId: 20101): Executed DbCommand (1ms) [Parameters=[], CommandType='Text', CommandTimeout='30']
SELECT EXISTS (
    SELECT 1 FROM pg_catalog.pg_class c
    JOIN pg_catalog.pg_namespace n ON n.oid=c.relnamespace
    WHERE n.nspname='public' AND
          c.relname='__EFMigrationsHistory'
)
2026-01-31 15:11:05.324 [INFORMATION] Microsoft.EntityFrameworkCore.Database.Command (EventId: 20101): Executed DbCommand (0ms) [Parameters=[], CommandType='Text', CommandTimeout='30']
SELECT "MigrationId", "ProductVersion"
FROM "__EFMigrationsHistory"
ORDER BY "MigrationId";
2026-01-31 15:11:05.332 [INFORMATION] Microsoft.EntityFrameworkCore.Migrations (EventId: 20402): Applying migration '20260131121055_AddEmailToClients'.
2026-01-31 15:11:05.352 [INFORMATION] Microsoft.EntityFrameworkCore.Database.Command (EventId: 20101): Executed DbCommand (2ms) [Parameters=[], CommandType='Text', CommandTimeout='30']
INSERT INTO "__EFMigrationsHistory" ("MigrationId", "ProductVersion")
VALUES ('20260131121055_AddEmailToClients', '8.0.10');
2026-01-31 15:11:17.663 [INFORMATION] Microsoft.EntityFrameworkCore.Database.Command (EventId: 20101): Executed DbCommand (30ms) [Parameters=[], CommandType='Text', CommandTimeout='30']
SELECT EXISTS (
    SELECT 1 FROM pg_catalog.pg_class c
    JOIN pg_catalog.pg_namespace n ON n.oid=c.relnamespace
    WHERE n.nspname='public' AND
          c.relname='__EFMigrationsHistory'
)
2026-01-31 15:11:17.685 [INFORMATION] Microsoft.EntityFrameworkCore.Database.Command (EventId: 20101): Executed DbCommand (1ms) [Parameters=[], CommandType='Text', CommandTimeout='30']
SELECT "MigrationId", "ProductVersion"
FROM "__EFMigrationsHistory"
ORDER BY "MigrationId";
