2026-01-31 15:15:26.531 [INFORMATION] Microsoft.EntityFrameworkCore.Database.Command (EventId: 20101): Executed DbCommand (32ms) [Parameters=[], CommandType='Text', CommandTimeout='30']
SELECT EXISTS (
    SELECT 1 FROM pg_catalog.pg_class c
    JOIN pg_catalog.pg_namespace n ON n.oid=c.relnamespace
    WHERE n.nspname='public' AND
          c.relname='__EFMigrationsHistory'
)
2026-01-31 15:15:26.558 [INFORMATION] Microsoft.EntityFrameworkCore.Database.Command (EventId: 20101): Executed DbCommand (4ms) [Parameters=[], CommandType='Text', CommandTimeout='30']
SELECT "MigrationId", "ProductVersion"
FROM "__EFMigrationsHistory"
ORDER BY "MigrationId";
2026-01-31 15:15:26.600 [INFORMATION] Microsoft.EntityFrameworkCore.Database.Command (EventId: 20101): Executed DbCommand (1ms) [Parameters=[], CommandType='Text', CommandTimeout='30']
SELECT EXISTS (
    SELECT 1 FROM pg_catalog.pg_class c
    JOIN pg_catalog.pg_namespace n ON n.oid=c.relnamespace
    WHERE n.nspname='public' AND
          c.relname='__EFMigrationsHistory'
)
2026-01-31 15:15:26.635 [INFORMATION] Microsoft.EntityFrameworkCore.Database.Command (EventId: 20101): Executed DbCommand (1ms) [Parameters=[], CommandType='Text', CommandTimeout='30']
SELECT EXISTS (
    SELECT 1 FROM pg_catalog.pg_class c
    JOIN pg_catalog.pg_namespace n ON n.oid=c.relnamespace
    WHERE n.nspname='public' AND
          c.relname='__EFMigrationsHistory'
)
2026-01-31 15:15:26.636 [INFORMATION] Microsoft.EntityFrameworkCore.Database.Command (EventId: 20101): Executed DbCommand (0ms) [Parameters=[], CommandType='Text', CommandTimeout='30']
SELECT "MigrationId", "ProductVersion"
FROM "__EFMigrationsHistory"
ORDER BY "MigrationId";
2026-01-31 15:15:26.642 [INFORMATION] Microsoft.EntityFrameworkCore.Migrations (EventId: 20405): No migrations were applied. The database is already up to date.
2026-01-31 15:16:57.986 [INFORMATION] Microsoft.EntityFrameworkCore.Database.Command (EventId: 20101): Executed DbCommand (33ms) [Parameters=[], CommandType='Text', CommandTimeout='30']
SELECT EXISTS (
    SELECT 1 FROM pg_catalog.pg_class c
    JOIN pg_catalog.pg_namespace n ON n.oid=c.relnamespace
    WHERE n.nspname='public' AND
          c.relname='__EFMigrationsHistory'
)
2026-01-31 15:16:58.013 [INFORMATION] Microsoft.EntityFrameworkCore.Database.Command (EventId: 20101): Executed DbCommand (3ms) [Parameters=[], CommandType='Text', CommandTimeout='30']
SELECT "MigrationId", "ProductVersion"
FROM "__EFMigrationsHistory"
ORDER BY "MigrationId";
2026-01-31 15:16:58.166 [INFORMATION] Microsoft.EntityFrameworkCore.Database.Command (EventId: 20101): Executed DbCommand (1ms) [Parameters=[], CommandType='Text', CommandTimeout='30']
SELECT EXISTS (
    SELECT 1 FROM pg_catalog.pg_class c
    JOIN pg_catalog.pg_namespace n ON n.oid=c.relnamespace
    WHERE n.nspname='public' AND
          c.relname='__EFMigrationsHistory'
)
2026-01-31 15:16:58.204 [INFORMATION] Microsoft.EntityFrameworkCore.Database.Command (EventId: 20101): Executed DbCommand (1ms) [Parameters=[], CommandType='Text', CommandTimeout='30']
SELECT EXISTS (
    SELECT 1 FROM pg_catalog.pg_class c
    JOIN pg_catalog.pg_namespace n ON n.oid=c.relnamespace
    WHERE n.nspname='public' AND
          c.relname='__EFMigrationsHistory'
)
2026-01-31 15:16:58.205 [INFORMATION] Microsoft.EntityFrameworkCore.Database.Command (EventId: 20101): Executed DbCommand (0ms) [Parameters=[], CommandType='Text', CommandTimeout='30']
SELECT "MigrationId", "ProductVersion"
FROM "__EFMigrationsHistory"
ORDER BY "MigrationId";
2026-01-31 15:16:58.211 [INFORMATION] Microsoft.EntityFrameworkCore.Migrations (EventId: 20405): No migrations were applied. The database is already up to date.
2026-01-31 16:06:10.568 [INFORMATION] Microsoft.EntityFrameworkCore.Database.Command (EventId: 20101): Executed DbCommand (32ms) [Parameters=[], CommandType='Text', CommandTimeout='30']
SELECT EXISTS (
    SELECT 1 FROM pg_catalog.pg_class c
    JOIN pg_catalog.pg_namespace n ON n.oid=c.relnamespace
    WHERE n.nspname='public' AND
          c.relname='__EFMigrationsHistory'
)
2026-01-31 16:06:10.594 [INFORMATION] Microsoft.EntityFrameworkCore.Database.Command (EventId: 20101): Executed DbCommand (3ms) [Parameters=[], CommandType='Text', CommandTimeout='30']
SELECT "MigrationId", "ProductVersion"
FROM "__EFMigrationsHistory"
ORDER BY "MigrationId";
2026-01-31 16:06:10.641 [INFORMATION] Microsoft.EntityFrameworkCore.Database.Command (EventId: 20101): Executed DbCommand (2ms) [Parameters=[], CommandType='Text', CommandTimeout='30']
SELECT EXISTS (
    SELECT 1 FROM pg_catalog.pg_class c
    JOIN pg_catalog.pg_namespace n ON n.oid=c.relnamespace
    WHERE n.nspname='public' AND
          c.relname='__EFMigrationsHistory'
)
2026-01-31 16:06:10.681 [INFORMATION] Microsoft.EntityFrameworkCore.Database.Command (EventId: 20101): Executed DbCommand (1ms) [Parameters=[], CommandType='Text', CommandTimeout='30']
SELECT EXISTS (
    SELECT 1 FROM pg_catalog.pg_class c
    JOIN pg_catalog.pg_namespace n ON n.oid=c.relnamespace
    WHERE n.nspname='public' AND
          c.relname='__EFMigrationsHistory'
)
2026-01-31 16:06:10.682 [INFORMATION] Microsoft.EntityFrameworkCore.Database.Command (EventId: 20101): Executed DbCommand (0ms) [Parameters=[], CommandType='Text', CommandTimeout='30']
SELECT "MigrationId", "ProductVersion"
FROM "__EFMigrationsHistory"
ORDER BY "MigrationId";
2026-01-31 16:06:10.690 [INFORMATION] Microsoft.EntityFrameworkCore.Migrations (EventId: 20402): Applying migration '20260131121036_InitialCreate'.
2026-01-31 16:06:10.721 [INFORMATION] Microsoft.EntityFrameworkCore.Database.Command (EventId: 20101): Executed DbCommand (3ms) [Parameters=[], CommandType='Text', CommandTimeout='30']
DO $EF$
BEGIN
    IF NOT EXISTS(SELECT 1 FROM pg_namespace WHERE nspname = 'fitness') THEN
        CREATE SCHEMA fitness;
    END IF;
END $EF$;
2026-01-31 16:06:10.728 [ERROR] Microsoft.EntityFrameworkCore.Database.Command (EventId: 20102): Failed executing DbCommand (5ms) [Parameters=[], CommandType='Text', CommandTimeout='30']
CREATE TABLE fitness."Clients" (
    "Id" integer GENERATED BY DEFAULT AS IDENTITY,
    "FullName" varchar(100) NOT NULL,
    "BirthDate" date NOT NULL,
    "MembershipType" varchar(20) NOT NULL DEFAULT 'Разовый',
    "RegistrationDate" timestamp NOT NULL DEFAULT (CURRENT_TIMESTAMP),
    CONSTRAINT "PK_Clients" PRIMARY KEY ("Id")
);
2026-01-31 16:06:14.429 [INFORMATION] Microsoft.EntityFrameworkCore.Database.Command (EventId: 20101): Executed DbCommand (32ms) [Parameters=[], CommandType='Text', CommandTimeout='30']
SELECT EXISTS (
    SELECT 1 FROM pg_catalog.pg_class c
    JOIN pg_catalog.pg_namespace n ON n.oid=c.relnamespace
    WHERE n.nspname='public' AND
          c.relname='__EFMigrationsHistory'
)
2026-01-31 16:06:14.455 [INFORMATION] Microsoft.EntityFrameworkCore.Database.Command (EventId: 20101): Executed DbCommand (3ms) [Parameters=[], CommandType='Text', CommandTimeout='30']
SELECT "MigrationId", "ProductVersion"
FROM "__EFMigrationsHistory"
ORDER BY "MigrationId";
2026-01-31 16:06:14.501 [INFORMATION] Microsoft.EntityFrameworkCore.Database.Command (EventId: 20101): Executed DbCommand (1ms) [Parameters=[], CommandType='Text', CommandTimeout='30']
SELECT EXISTS (
    SELECT 1 FROM pg_catalog.pg_class c
    JOIN pg_catalog.pg_namespace n ON n.oid=c.relnamespace
    WHERE n.nspname='public' AND
          c.relname='__EFMigrationsHistory'
)
2026-01-31 16:06:14.539 [INFORMATION] Microsoft.EntityFrameworkCore.Database.Command (EventId: 20101): Executed DbCommand (1ms) [Parameters=[], CommandType='Text', CommandTimeout='30']
SELECT EXISTS (
    SELECT 1 FROM pg_catalog.pg_class c
    JOIN pg_catalog.pg_namespace n ON n.oid=c.relnamespace
    WHERE n.nspname='public' AND
          c.relname='__EFMigrationsHistory'
)
2026-01-31 16:06:14.540 [INFORMATION] Microsoft.EntityFrameworkCore.Database.Command (EventId: 20101): Executed DbCommand (1ms) [Parameters=[], CommandType='Text', CommandTimeout='30']
SELECT "MigrationId", "ProductVersion"
FROM "__EFMigrationsHistory"
ORDER BY "MigrationId";
2026-01-31 16:06:14.548 [INFORMATION] Microsoft.EntityFrameworkCore.Migrations (EventId: 20402): Applying migration '20260131121036_InitialCreate'.
2026-01-31 16:06:14.580 [INFORMATION] Microsoft.EntityFrameworkCore.Database.Command (EventId: 20101): Executed DbCommand (3ms) [Parameters=[], CommandType='Text', CommandTimeout='30']
DO $EF$
BEGIN
    IF NOT EXISTS(SELECT 1 FROM pg_namespace WHERE nspname = 'fitness') THEN
        CREATE SCHEMA fitness;
    END IF;
END $EF$;
2026-01-31 16:06:14.586 [ERROR] Microsoft.EntityFrameworkCore.Database.Command (EventId: 20102): Failed executing DbCommand (5ms) [Parameters=[], CommandType='Text', CommandTimeout='30']
CREATE TABLE fitness."Clients" (
    "Id" integer GENERATED BY DEFAULT AS IDENTITY,
    "FullName" varchar(100) NOT NULL,
    "BirthDate" date NOT NULL,
    "MembershipType" varchar(20) NOT NULL DEFAULT 'Разовый',
    "RegistrationDate" timestamp NOT NULL DEFAULT (CURRENT_TIMESTAMP),
    CONSTRAINT "PK_Clients" PRIMARY KEY ("Id")
);
2026-01-31 16:06:46.932 [INFORMATION] Microsoft.EntityFrameworkCore.Database.Command (EventId: 20101): Executed DbCommand (32ms) [Parameters=[], CommandType='Text', CommandTimeout='30']
SELECT EXISTS (
    SELECT 1 FROM pg_catalog.pg_class c
    JOIN pg_catalog.pg_namespace n ON n.oid=c.relnamespace
    WHERE n.nspname='public' AND
          c.relname='__EFMigrationsHistory'
)
2026-01-31 16:06:46.959 [INFORMATION] Microsoft.EntityFrameworkCore.Database.Command (EventId: 20101): Executed DbCommand (4ms) [Parameters=[], CommandType='Text', CommandTimeout='30']
SELECT "MigrationId", "ProductVersion"
FROM "__EFMigrationsHistory"
ORDER BY "MigrationId";
2026-01-31 16:06:47.001 [INFORMATION] Microsoft.EntityFrameworkCore.Database.Command (EventId: 20101): Executed DbCommand (1ms) [Parameters=[], CommandType='Text', CommandTimeout='30']
SELECT EXISTS (
    SELECT 1 FROM pg_catalog.pg_class c
    JOIN pg_catalog.pg_namespace n ON n.oid=c.relnamespace
    WHERE n.nspname='public' AND
          c.relname='__EFMigrationsHistory'
)
2026-01-31 16:06:47.038 [INFORMATION] Microsoft.EntityFrameworkCore.Database.Command (EventId: 20101): Executed DbCommand (1ms) [Parameters=[], CommandType='Text', CommandTimeout='30']
SELECT EXISTS (
    SELECT 1 FROM pg_catalog.pg_class c
    JOIN pg_catalog.pg_namespace n ON n.oid=c.relnamespace
    WHERE n.nspname='public' AND
          c.relname='__EFMigrationsHistory'
)
2026-01-31 16:06:47.039 [INFORMATION] Microsoft.EntityFrameworkCore.Database.Command (EventId: 20101): Executed DbCommand (0ms) [Parameters=[], CommandType='Text', CommandTimeout='30']
SELECT "MigrationId", "ProductVersion"
FROM "__EFMigrationsHistory"
ORDER BY "MigrationId";
2026-01-31 16:06:47.047 [INFORMATION] Microsoft.EntityFrameworkCore.Migrations (EventId: 20402): Applying migration '20260131121036_InitialCreate'.
2026-01-31 16:06:47.078 [INFORMATION] Microsoft.EntityFrameworkCore.Database.Command (EventId: 20101): Executed DbCommand (3ms) [Parameters=[], CommandType='Text', CommandTimeout='30']
DO $EF$
BEGIN
    IF NOT EXISTS(SELECT 1 FROM pg_namespace WHERE nspname = 'fitness') THEN
        CREATE SCHEMA fitness;
    END IF;
END $EF$;
2026-01-31 16:06:47.085 [ERROR] Microsoft.EntityFrameworkCore.Database.Command (EventId: 20102): Failed executing DbCommand (5ms) [Parameters=[], CommandType='Text', CommandTimeout='30']
CREATE TABLE fitness."Clients" (
    "Id" integer GENERATED BY DEFAULT AS IDENTITY,
    "FullName" varchar(100) NOT NULL,
    "BirthDate" date NOT NULL,
    "MembershipType" varchar(20) NOT NULL DEFAULT 'Разовый',
    "RegistrationDate" timestamp NOT NULL DEFAULT (CURRENT_TIMESTAMP),
    CONSTRAINT "PK_Clients" PRIMARY KEY ("Id")
);
