[2026-01-31 14:10:36] УСПЕШНО: Упражнение добавлено: Анжуманя (ID: 2)
[2026-01-31 14:10:43] Показаны все упражнения. Записей: 2
[2026-01-31 14:10:48] Найдено упражнение: Приседания (ID: 1)
[2026-01-31 14:11:04] УСПЕШНО: Упражнение удалено: Приседания (ID: 1)
[2026-01-31 14:12:03] Попытка удалить упражнение с ID 1 - не найдено
[2026-01-31 14:12:14] Показаны все упражнения. Записей: 1
[2026-01-31 14:12:22] УСПЕШНО: Упражнение удалено: Анжуманя (ID: 2)
[2026-01-31 14:16:50] УСПЕШНО: Упражнение добавлено: Анжуманя (ID: 4)
[2026-01-31 14:16:53] Показаны все упражнения. Записей: 2
[2026-01-31 14:16:56] Найдено упражнение: 1341 (ID: 3)
[2026-01-31 14:17:01] Найдены упражнения по сложности "3". Записей: 1
[2026-01-31 14:17:08] Попытка обновить упражнение с ID 5 - не найдено
[2026-01-31 14:17:21] УСПЕШНО: Упражнение обновлено (ID: 4)
[2026-01-31 14:17:32] УСПЕШНО: Упражнение удалено: Анжуманя (ID: 4)
[2026-01-31 14:17:55] ОШИБКА: Ошибка при добавлении клиента: An error occurred while saving the entity changes. See the inner exception for details.
[2026-01-31 14:18:36] Попытка просмотра клиентов - список пуст
[2026-01-31 14:20:51] ОШИБКА: Ошибка при добавлении клиента: An error occurred while saving the entity changes. See the inner exception for details.
[2026-01-31 14:33:17] ОШИБКА: Ошибка при добавлении клиента: Cannot write DateTime with Kind=Unspecified to PostgreSQL type 'timestamp with time zone', only UTC is supported. Note that it's not possible to mix DateTimes with different Kinds in an array, range, or multirange. (Parameter 'value')
[2026-01-31 14:36:06] УСПЕШНО: Клиент добавлен: Виктор (ID: 3)
[2026-01-31 14:36:10] Показаны все клиенты. Записей: 1
[2026-01-31 14:39:20] Показаны все клиенты. Записей: 1
[2026-01-31 14:39:44] УСПЕШНО: Тренер добавлен: Джон (ID: 1)
[2026-01-31 14:40:23] УСПЕШНО: Упражнение добавлено: фвафва (ID: 5)
[2026-01-31 14:40:25] Показаны все упражнения. Записей: 2
[2026-01-31 14:40:30] Упражнение с ID 6 не найдено
[2026-01-31 14:40:33] Найдено упражнение: 1341 (ID: 3)
[2026-01-31 14:40:37] Найдены упражнения для группы мышц "3". Записей: 1
[2026-01-31 14:40:58] УСПЕШНО: Упражнение обновлено (ID: 3)
[2026-01-31 14:41:12] УСПЕШНО: Клиент добавлен: Виктор (ID: 4)
[2026-01-31 14:41:16] Показаны все клиенты. Записей: 2
[2026-01-31 14:41:22] Найден клиент: Виктор (ID: 4)
[2026-01-31 14:41:36] УСПЕШНО: Клиент обновлен (ID: 3)
[2026-01-31 14:41:43] УСПЕШНО: Клиент удален: Виктор (ID: 4)
[2026-01-31 14:42:02] УСПЕШНО: Тренер добавлен: Питер Паркер (ID: 2)
[2026-01-31 14:42:31] УСПЕШНО: Тренер обновлен (ID: 1)
[2026-01-31 14:42:39] УСПЕШНО: Тренер удален: ППП (ID: 1)
[2026-01-31 14:43:13] УСПЕШНО: Тренировка добавлена: Полная (ID: 1), длительность: 15 мин, калории: 9000
[2026-01-31 14:43:52] УСПЕШНО: Тренировка удалена: Полная (ID: 1)
[2026-01-31 15:15:31] ОШИБКА: Некорректный ID при поиске упражнения
